// Vitest Snapshot v1, https://vitest.dev/guide/snapshot.html

exports[`Home page snapshot test > matches the stored snapshot 1`] = `
<div>
  <div
    class="min-h-screen bg-white text-zinc-900"
  >
    <nav
      class="sticky top-0 z-10 border-b border-zinc-200 bg-white/80 backdrop-blur"
    >
      <div
        class="mx-auto flex max-w-6xl items-center justify-between px-6 py-4"
      >
        <a
          class="text-lg font-bold tracking-tight"
          href="#"
        >
          MySite
        </a>
        <ul
          class="hidden items-center gap-6 text-sm font-medium text-zinc-600 md:flex"
        >
          <li>
            <a
              class="transition-colors hover:text-zinc-900"
              href="#features"
            >
              Features
            </a>
          </li>
          <li>
            <a
              class="transition-colors hover:text-zinc-900"
              href="#pricing"
            >
              Pricing
            </a>
          </li>
          <li>
            <a
              class="transition-colors hover:text-zinc-900"
              href="#faq"
            >
              FAQ
            </a>
          </li>
          <li>
            <a
              class="transition-colors hover:text-zinc-900"
              href="#contact"
            >
              Contact
            </a>
          </li>
        </ul>
        <button
          class="rounded-full bg-zinc-900 px-4 py-2 text-sm font-medium text-white transition-colors hover:bg-zinc-700"
        >
          Get Started
        </button>
      </div>
    </nav>
    <section
      class="mx-auto max-w-6xl px-6 pt-24 pb-16 text-center"
    >
      <h1
        class="mx-auto max-w-3xl text-4xl font-extrabold leading-tight tracking-tight sm:text-6xl"
      >
        Build something great with ease
      </h1>
      <p
        class="mx-auto mt-6 max-w-xl text-lg text-zinc-600"
      >
        A simple, fast, and modern home page built with Tailwind CSS. Clean, responsive, and ready to customize.
      </p>
      <div
        class="mt-8 flex flex-col items-center justify-center gap-3 sm:flex-row"
      >
        <a
          class="w-full rounded-full bg-zinc-900 px-6 py-3 text-sm font-semibold text-white transition-colors hover:bg-zinc-700 sm:w-auto"
          href="#pricing"
        >
          Try it free
        </a>
        <a
          class="w-full rounded-full border border-zinc-300 px-6 py-3 text-sm font-semibold text-zinc-900 transition-colors hover:bg-zinc-100 sm:w-auto"
          href="#features"
        >
          Learn more
        </a>
      </div>
    </section>
    <section
      class="border-y border-zinc-200 bg-zinc-50"
    >
      <div
        class="mx-auto grid max-w-6xl grid-cols-2 gap-6 px-6 py-12 md:grid-cols-4"
      >
        <div
          class="text-center"
        >
          <p
            class="text-3xl font-extrabold text-zinc-900"
          >
            10k+
          </p>
          <p
            class="mt-1 text-sm text-zinc-600"
          >
            Active users
          </p>
        </div>
        <div
          class="text-center"
        >
          <p
            class="text-3xl font-extrabold text-zinc-900"
          >
            120+
          </p>
          <p
            class="mt-1 text-sm text-zinc-600"
          >
            Countries served
          </p>
        </div>
        <div
          class="text-center"
        >
          <p
            class="text-3xl font-extrabold text-zinc-900"
          >
            99.9%
          </p>
          <p
            class="mt-1 text-sm text-zinc-600"
          >
            Uptime
          </p>
        </div>
        <div
          class="text-center"
        >
          <p
            class="text-3xl font-extrabold text-zinc-900"
          >
            4.9/5
          </p>
          <p
            class="mt-1 text-sm text-zinc-600"
          >
            Average rating
          </p>
        </div>
      </div>
    </section>
    <section
      class="mx-auto max-w-6xl px-6 py-24"
      id="features"
    >
      <h2
        class="text-center text-3xl font-bold tracking-tight"
      >
        Everything you need
      </h2>
      <p
        class="mx-auto mt-3 max-w-lg text-center text-zinc-600"
      >
        Powerful features packaged in a dead-simple interface so you can ship faster.
      </p>
      <div
        class="mt-12 grid gap-6 md:grid-cols-2 lg:grid-cols-4"
      >
        <div
          class="rounded-2xl border border-zinc-200 p-6 transition-shadow hover:shadow-lg"
        >
          <span
            aria-label="Fast"
            class="text-2xl"
            role="img"
          >
            ⚡
          </span>
          <h3
            class="mt-4 text-lg font-bold"
          >
            Fast
          </h3>
          <p
            class="mt-2 text-sm leading-6 text-zinc-600"
          >
            Built with Tailwind CSS for instant styling with zero runtime overhead. Pages load in milliseconds.
          </p>
        </div>
        <div
          class="rounded-2xl border border-zinc-200 p-6 transition-shadow hover:shadow-lg"
        >
          <span
            aria-label="Responsive"
            class="text-2xl"
            role="img"
          >
            📱
          </span>
          <h3
            class="mt-4 text-lg font-bold"
          >
            Responsive
          </h3>
          <p
            class="mt-2 text-sm leading-6 text-zinc-600"
          >
            Looks great on every screen size, from mobile phones to desktop monitors.
          </p>
        </div>
        <div
          class="rounded-2xl border border-zinc-200 p-6 transition-shadow hover:shadow-lg"
        >
          <span
            aria-label="Simple"
            class="text-2xl"
            role="img"
          >
            ✨
          </span>
          <h3
            class="mt-4 text-lg font-bold"
          >
            Simple
          </h3>
          <p
            class="mt-2 text-sm leading-6 text-zinc-600"
          >
            Clean, readable markup that is easy to extend, test, and maintain.
          </p>
        </div>
        <div
          class="rounded-2xl border border-zinc-200 p-6 transition-shadow hover:shadow-lg"
        >
          <span
            aria-label="Secure"
            class="text-2xl"
            role="img"
          >
            🔒
          </span>
          <h3
            class="mt-4 text-lg font-bold"
          >
            Secure
          </h3>
          <p
            class="mt-2 text-sm leading-6 text-zinc-600"
          >
            Industry-standard security practices keep your data safe at every layer.
          </p>
        </div>
      </div>
    </section>
    <section
      class="bg-zinc-900 py-24 text-white"
    >
      <div
        class="mx-auto max-w-6xl px-6"
      >
        <h2
          class="text-center text-3xl font-bold tracking-tight"
        >
          How it works
        </h2>
        <div
          class="mt-12 grid gap-10 md:grid-cols-3"
        >
          <div
            class="text-center"
          >
            <div
              class="mx-auto flex h-12 w-12 items-center justify-center rounded-full bg-zinc-700 text-lg font-bold"
            >
              1
            </div>
            <h3
              class="mt-4 text-lg font-semibold"
            >
              Sign up
            </h3>
            <p
              class="mt-2 text-sm leading-6 text-zinc-400"
            >
              Create your free account in under a minute. No credit card required.
            </p>
          </div>
          <div
            class="text-center"
          >
            <div
              class="mx-auto flex h-12 w-12 items-center justify-center rounded-full bg-zinc-700 text-lg font-bold"
            >
              2
            </div>
            <h3
              class="mt-4 text-lg font-semibold"
            >
              Customize
            </h3>
            <p
              class="mt-2 text-sm leading-6 text-zinc-400"
            >
              Pick a template and tweak colors, fonts, and sections to match your brand.
            </p>
          </div>
          <div
            class="text-center"
          >
            <div
              class="mx-auto flex h-12 w-12 items-center justify-center rounded-full bg-zinc-700 text-lg font-bold"
            >
              3
            </div>
            <h3
              class="mt-4 text-lg font-semibold"
            >
              Publish
            </h3>
            <p
              class="mt-2 text-sm leading-6 text-zinc-400"
            >
              Go live with one click. Your site is served fast from anywhere in the world.
            </p>
          </div>
        </div>
      </div>
    </section>
    <section
      class="mx-auto max-w-6xl px-6 py-24"
    >
      <h2
        class="text-center text-3xl font-bold tracking-tight"
      >
        Loved by teams worldwide
      </h2>
      <div
        class="mt-12 grid gap-6 md:grid-cols-3"
      >
        <figure
          class="rounded-2xl border border-zinc-200 p-6"
        >
          <blockquote
            class="text-sm leading-6 text-zinc-700"
          >
            “
            This tool saved us weeks of work. Our team switched from messy hand-rolled CSS to Tailwind in a single weekend.
            ”
          </blockquote>
          <figcaption
            class="mt-4"
          >
            <p
              class="text-sm font-semibold"
            >
              Sara Khan
            </p>
            <p
              class="text-xs text-zinc-500"
            >
              Design Lead, PixelBox
            </p>
          </figcaption>
        </figure>
        <figure
          class="rounded-2xl border border-zinc-200 p-6"
        >
          <blockquote
            class="text-sm leading-6 text-zinc-700"
          >
            “
            The cleanest, fastest workflow I have used in years. Deployment is literally one click.
            ”
          </blockquote>
          <figcaption
            class="mt-4"
          >
            <p
              class="text-sm font-semibold"
            >
              Amit Sharma
            </p>
            <p
              class="text-xs text-zinc-500"
            >
              CTO, CloudNine
            </p>
          </figcaption>
        </figure>
        <figure
          class="rounded-2xl border border-zinc-200 p-6"
        >
          <blockquote
            class="text-sm leading-6 text-zinc-700"
          >
            “
            Beautiful defaults, powerful customization, and a delight to write tests against.
            ”
          </blockquote>
          <figcaption
            class="mt-4"
          >
            <p
              class="text-sm font-semibold"
            >
              Priya Nair
            </p>
            <p
              class="text-xs text-zinc-500"
            >
              Frontend Engineer, Loop
            </p>
          </figcaption>
        </figure>
      </div>
    </section>
    <section
      class="border-t border-zinc-200 bg-zinc-50 py-24"
      id="pricing"
    >
      <div
        class="mx-auto max-w-6xl px-6"
      >
        <h2
          class="text-center text-3xl font-bold tracking-tight"
        >
          Simple, transparent pricing
        </h2>
        <p
          class="mx-auto mt-3 max-w-lg text-center text-zinc-600"
        >
          Start free and upgrade when you are ready. No surprises.
        </p>
        <div
          class="mt-12 grid gap-6 md:grid-cols-3"
        >
          <div
            class="rounded-2xl border border-zinc-200 bg-white p-8"
          >
            <h3
              class="text-sm font-semibold uppercase tracking-wide"
            >
              Free
            </h3>
            <p
              class="mt-4 text-4xl font-extrabold"
            >
              $0
              <span
                class="text-sm font-normal text-zinc-500"
              >
                /month
              </span>
            </p>
            <ul
              class="mt-6 space-y-3 text-sm"
            >
              <li
                class="flex items-center gap-2"
              >
                <span>
                  ✓
                </span>
                1 project
              </li>
              <li
                class="flex items-center gap-2"
              >
                <span>
                  ✓
                </span>
                Community support
              </li>
              <li
                class="flex items-center gap-2"
              >
                <span>
                  ✓
                </span>
                Basic templates
              </li>
            </ul>
            <button
              class="mt-8 w-full rounded-full border border-zinc-300 px-6 py-3 text-sm font-semibold transition-colors hover:bg-zinc-100"
            >
              Choose 
              Free
            </button>
          </div>
          <div
            class="rounded-2xl bg-zinc-900 p-8 text-white shadow-xl"
          >
            <h3
              class="text-sm font-semibold uppercase tracking-wide"
            >
              Pro
            </h3>
            <p
              class="mt-4 text-4xl font-extrabold"
            >
              $12
              <span
                class="text-sm font-normal text-zinc-400"
              >
                /month
              </span>
            </p>
            <ul
              class="mt-6 space-y-3 text-sm"
            >
              <li
                class="flex items-center gap-2"
              >
                <span>
                  ✓
                </span>
                Unlimited projects
              </li>
              <li
                class="flex items-center gap-2"
              >
                <span>
                  ✓
                </span>
                Priority support
              </li>
              <li
                class="flex items-center gap-2"
              >
                <span>
                  ✓
                </span>
                All templates
              </li>
              <li
                class="flex items-center gap-2"
              >
                <span>
                  ✓
                </span>
                Custom domains
              </li>
            </ul>
            <button
              class="mt-8 w-full rounded-full bg-white px-6 py-3 text-sm font-semibold text-zinc-900 transition-colors hover:bg-zinc-200"
            >
              Choose 
              Pro
            </button>
          </div>
          <div
            class="rounded-2xl border border-zinc-200 bg-white p-8"
          >
            <h3
              class="text-sm font-semibold uppercase tracking-wide"
            >
              Team
            </h3>
            <p
              class="mt-4 text-4xl font-extrabold"
            >
              $29
              <span
                class="text-sm font-normal text-zinc-500"
              >
                /month
              </span>
            </p>
            <ul
              class="mt-6 space-y-3 text-sm"
            >
              <li
                class="flex items-center gap-2"
              >
                <span>
                  ✓
                </span>
                Everything in Pro
              </li>
              <li
                class="flex items-center gap-2"
              >
                <span>
                  ✓
                </span>
                Collaboration tools
              </li>
              <li
                class="flex items-center gap-2"
              >
                <span>
                  ✓
                </span>
                Analytics dashboard
              </li>
              <li
                class="flex items-center gap-2"
              >
                <span>
                  ✓
                </span>
                API access
              </li>
            </ul>
            <button
              class="mt-8 w-full rounded-full border border-zinc-300 px-6 py-3 text-sm font-semibold transition-colors hover:bg-zinc-100"
            >
              Choose 
              Team
            </button>
          </div>
        </div>
      </div>
    </section>
    <section
      class="mx-auto max-w-3xl px-6 py-24"
      id="faq"
    >
      <h2
        class="text-center text-3xl font-bold tracking-tight"
      >
        Frequently asked questions
      </h2>
      <div
        class="mt-12 space-y-4"
      >
        <div
          class="rounded-2xl border border-zinc-200 p-6"
        >
          <button
            aria-expanded="true"
            class="flex w-full items-center justify-between text-left font-semibold"
          >
            How do I get started?
            <span
              class="ml-4 text-lg"
            >
              −
            </span>
          </button>
          <p
            class="mt-3 text-sm leading-6 text-zinc-600"
          >
            Just sign up for a free account and follow the three-step guide. Most people go live in under ten minutes.
          </p>
        </div>
        <div
          class="rounded-2xl border border-zinc-200 p-6"
        >
          <button
            aria-expanded="false"
            class="flex w-full items-center justify-between text-left font-semibold"
          >
            Can I cancel anytime?
            <span
              class="ml-4 text-lg"
            >
              +
            </span>
          </button>
        </div>
        <div
          class="rounded-2xl border border-zinc-200 p-6"
        >
          <button
            aria-expanded="false"
            class="flex w-full items-center justify-between text-left font-semibold"
          >
            Is there a student discount?
            <span
              class="ml-4 text-lg"
            >
              +
            </span>
          </button>
        </div>
      </div>
    </section>
    <section
      class="bg-zinc-900 py-24 text-white"
      id="contact"
    >
      <div
        class="mx-auto max-w-3xl px-6 text-center"
      >
        <h2
          class="text-3xl font-bold tracking-tight"
        >
          Ready to get started?
        </h2>
        <p
          class="mx-auto mt-4 max-w-md text-zinc-400"
        >
          Join thousands of happy users building with us today. It takes less than a minute to sign up.
        </p>
        <button
          class="mt-8 rounded-full bg-white px-8 py-3 text-sm font-semibold text-zinc-900 transition-colors hover:bg-zinc-200"
        >
          Create free account
        </button>
      </div>
    </section>
    <footer
      class="border-t border-zinc-200"
    >
      <div
        class="mx-auto max-w-6xl px-6 py-8 text-center text-sm text-zinc-500"
      >
        © 
        2026
         MySite. All rights reserved.
      </div>
    </footer>
  </div>
</div>
`;
